Microchip MPLAB XC8 Compiler V1.34 ()

Linker command line:

--edf=/opt/microchip/xc8/v1.34/dat/en_msgs.txt -cs \
  -h+dist/default/production/xpall_switcher.X.production.sym \
  --cmf=dist/default/production/xpall_switcher.X.production.cmf -z -Q16F636 \
  -o/tmp/cgt377bsl \
  -Mdist/default/production/xpall_switcher.X.production.map -E1 -ver=XC8 \
  -ASTACK=02Ah-06fh -pstack=STACK -ACODE=00h-07FFh -ASTRCODE=00h-07FFh \
  -ASTRING=00h-0FFhx8 -ACONST=00h-0FFhx8 -AENTRY=00h-0FFhx8 \
  -ACOMMON=070h-07Fh -ABANK0=020h-06Fh -ABANK1=0A0h-0BFh \
  -ARAM=020h-06Fh,0A0h-0BFh -AABS1=020h-07Fh,0A0h-0BFh -ASFR0=00h-01Fh \
  -ASFR1=080h-09Fh -ASFR2=0100h-016Fh -ASFR3=0180h-01EFh \
  -preset_vec=00h,intentry,init,end_init -ppowerup=CODE -pcinit=CODE \
  -pfunctab=CODE -ACONFIG=02007h-02007h -pconfig=CONFIG -DCONFIG=2 \
  -AIDLOC=02000h-02003h -pidloc=IDLOC -DIDLOC=2 -AEEDATA=00h-0FFh/02100h \
  -peeprom_data=EEDATA -DEEDATA=2 -DCODE=2 -DSTRCODE=2 -DSTRING=2 -DCONST=2 \
  -DENTRY=2 -k /tmp/cgtneCh5m.obj \
  dist/default/production/xpall_switcher.X.production.obj 

Object code version is 3.11

Machine type is 16F636



                Name                               Link     Load   Length Selector   Space Scale
/tmp/cgtneCh5m.obj
                end_init                              0        0        1        0       0
                config                             2007     2007        1     400E       0
dist/default/production/xpall_switcher.X.production.obj
                cinit                               7F7      7F7        9      FEE       0
                text5                               6E8      6E8       3A      DD0       0
                text4                               69E      69E        A      D3C       0
                text3                               6C2      6C2       26      D84       0
                text2                               6A8      6A8        B      D50       0
                text1                               722      722       43      E44       0
                maintext                            765      765       92      ECA       0
                cstackBANK0                          20       20        8       20       1
                cstackCOMMON                         70       70        8       70       1
                inittext                            6B3      6B3        F      D66       0
                bssBANK0                             28       28        2       20       1
                bssCOMMON                            78       78        5       70       1
                bssEEDATA                            35     2135        1     4200       3
                strings                               1        1       12        2       0
                idataEEDATA                           0     2100       35     4200       3

TOTAL           Name                               Link     Load   Length     Space
        CLASS   STACK          

        CLASS   CODE           
                end_init                              0        0        1         0
                cinit                               7F7      7F7        9         0
                text5                               6E8      6E8       3A         0
                text4                               69E      69E        A         0
                text3                               6C2      6C2       26         0
                text2                               6A8      6A8        B         0
                text1                               722      722       43         0
                maintext                            765      765       92         0
                inittext                            6B3      6B3        F         0

        CLASS   STRCODE        

        CLASS   STRING         
                strings                               1        1       12         0

        CLASS   CONST          

        CLASS   ENTRY          

        CLASS   COMMON         
                cstackCOMMON                         70       70        8         1
                bssCOMMON                            78       78        5         1

        CLASS   BANK0          
                cstackBANK0                          20       20        8         1
                bssBANK0                             28       28        2         1

        CLASS   BANK1          

        CLASS   RAM            

        CLASS   ABS1           
                abs_s1                               7E       7E        2         1

        CLASS   SFR0           

        CLASS   SFR1           

        CLASS   SFR2           

        CLASS   SFR3           

        CLASS   CONFIG         
                config                             2007     2007        1         0

        CLASS   IDLOC          

        CLASS   EEDATA         
                bssEEDATA                            35     2135        1         3
                idataEEDATA                           0     2100       35         3

        CLASS   BANK3          

        CLASS   BANK2          



SEGMENTS        Name                           Load    Length   Top    Selector   Space  Class     Delta

                reset_vec                      000000  000001  000001         0       0  CODE        2
                strings                        000001  000012  000013         2       0  STRING      2
                cstackBANK0                    000020  00000A  00002A        20       1  BANK0       1
                cstackCOMMON                   000070  00000D  00007D        70       1  COMMON      1
                text4                          00069E  00000A  0006A8       D3C       0  CODE        2
                text2                          0006A8  00000B  0006B3       D50       0  CODE        2
                inittext                       0006B3  00000F  0006C2       D66       0  CODE        2
                text3                          0006C2  000026  0006E8       D84       0  CODE        2
                text5                          0006E8  00003A  000722       DD0       0  CODE        2
                text1                          000722  000043  000765       E44       0  CODE        2
                maintext                       000765  000092  0007F7       ECA       0  CODE        2
                cinit                          0007F7  000009  000800       FEE       0  CODE        2
                config                         002007  000001  002008      400E       0  CONFIG      2
                idataEEDATA                    002100  000036  002136      4200       3  EEDATA      2


UNUSED ADDRESS RANGES

        Name                Unused          Largest block    Delta
        BANK0            002A-006F             46           1
        BANK1            00A0-00BF             20           1
        CODE             0013-069D            68B           2
        COMMON           007D-007D              1           1
        CONST            0013-069D            100           2
        EEDATA           2136-21FF             CA           2
        ENTRY            0013-069D            100           2
        IDLOC            2000-2003              4           2
        RAM              002A-006F             46           1
                         00A0-00BF             20
        SFR0             0000-001F             20           1
        SFR1             0080-009F             20           1
        SFR2             0100-016F             70           1
        SFR3             0180-01EF             70           1
        STACK            002A-006F             46           1
        STRCODE          0013-069D            68B           2
        STRING           0013-069D            100           2

                                  Symbol Table

_CARRY                         (abs)        0018
_CMCON0bits                    (abs)        0019
_EEADR                         (abs)        009B
_EECON1                        (abs)        009C
_EECON2                        (abs)        009D
_EEDATA                        (abs)        009A
_GIE                           (abs)        005F
_PORTA                         (abs)        0005
_PORTC                         (abs)        0007
_RA2                           (abs)        002A
_RA4                           (abs)        002C
_RA5                           (abs)        002D
_RD                            (abs)        04E0
_TRISA                         (abs)        0085
_TRISA5                        (abs)        042D
_TRISC                         (abs)        0087
_WR                            (abs)        04E1
_WREN                          (abs)        04E2
__CFG_BOREN$OFF                (abs)        0000
__CFG_CP$OFF                   (abs)        0000
__CFG_CPD$OFF                  (abs)        0000
__CFG_FCMEN$OFF                (abs)        0000
__CFG_FOSC$INTOSCIO            (abs)        0000
__CFG_IESO$OFF                 (abs)        0000
__CFG_MCLRE$OFF                (abs)        0000
__CFG_PWRTE$OFF                (abs)        0000
__CFG_WDTE$OFF                 (abs)        0000
__CFG_WURE$OFF                 (abs)        0000
__Habs1                        abs1         0000
__Hbank0                       bank0        0000
__Hbank1                       bank1        0000
__Hbank2                       bank2        0000
__Hbank3                       bank3        0000
__HbssBANK0                    bssBANK0     0000
__HbssCOMMON                   bssCOMMON    0000
__HbssEEDATA                   bssEEDATA    0000
__Hcinit                       cinit        0800
__Hclrtext                     clrtext      0000
__Hcode                        code         0000
__Hcommon                      common       0000
__Hconfig                      config       2008
__HcstackBANK0                 cstackBANK0  0000
__HcstackCOMMON                cstackCOMMON 0000
__HdataEEDATA                  dataEEDATA   0000
__Heeprom_data                 eeprom_data  0000
__Hend_init                    end_init     0001
__Hfunctab                     functab      0000
__HidataEEDATA                 idataEEDATA  0000
__Hidloc                       idloc        0000
__Hinit                        init         0000
__Hinittext                    inittext     0000
__Hintentry                    intentry     0000
__Hmaintext                    maintext     0000
__Hpowerup                     powerup      0000
__Hram                         ram          0000
__Hreset_vec                   reset_vec    0000
__Hsfr0                        sfr0         0000
__Hsfr1                        sfr1         0000
__Hsfr2                        sfr2         0000
__Hsfr3                        sfr3         0000
__Hspace_0                     (abs)        2008
__Hspace_1                     (abs)        007D
__Hspace_2                     (abs)        0000
__Hspace_3                     (abs)        0036
__Hstack                       stack        0000
__Hstrings                     strings      0000
__Htext                        text         0000
__Labs1                        abs1         0000
__Lbank0                       bank0        0000
__Lbank1                       bank1        0000
__Lbank2                       bank2        0000
__Lbank3                       bank3        0000
__LbssBANK0                    bssBANK0     0000
__LbssCOMMON                   bssCOMMON    0000
__LbssEEDATA                   bssEEDATA    0000
__Lcinit                       cinit        07F7
__Lclrtext                     clrtext      0000
__Lcode                        code         0000
__Lcommon                      common       0000
__Lconfig                      config       2007
__LcstackBANK0                 cstackBANK0  0000
__LcstackCOMMON                cstackCOMMON 0000
__LdataEEDATA                  dataEEDATA   0000
__Leeprom_data                 eeprom_data  0000
__Lend_init                    end_init     0000
__Lfunctab                     functab      0000
__LidataEEDATA                 idataEEDATA  0000
__Lidloc                       idloc        0000
__Linit                        init         0000
__Linittext                    inittext     0000
__Lintentry                    intentry     0000
__Lmaintext                    maintext     0000
__Lpowerup                     powerup      0000
__Lram                         ram          0000
__Lreset_vec                   reset_vec    0000
__Lsfr0                        sfr0         0000
__Lsfr1                        sfr1         0000
__Lsfr2                        sfr2         0000
__Lsfr3                        sfr3         0000
__Lspace_0                     (abs)        0000
__Lspace_1                     (abs)        0000
__Lspace_2                     (abs)        0000
__Lspace_3                     (abs)        0000
__Lstack                       stack        0000
__Lstrings                     strings      0000
__Ltext                        text         0000
__S0                           (abs)        2008
__S1                           (abs)        007D
__S2                           (abs)        0000
__S3                           (abs)        2136
___ctoee                       text4        069E
___ctoee@addr                  cstackCOMMON 0077
___ctoee@data                  cstackCOMMON 0075
___eetoc                       text2        06A8
___eetoc@addr                  cstackCOMMON 0076
___eetoc@data                  cstackCOMMON 0077
___int_sp                      stack        0000
___latbits                     (abs)        0000
___sp                          stack        0000
__end_of___ctoee               text4        06A8
__end_of___eetoc               text2        06B3
__end_of__initialization       cinit        07FE
__end_of__stringtab            strings      0007
__end_of_eecpymem              text3        06E8
__end_of_main                  maintext     07F7
__end_of_memcpyee              text5        0722
__end_of_set_mode              text1        0765
__end_ofset_mode@eeprom_select strings      000B
__end_ofset_mode@led_select    strings      000F
__end_ofset_mode@mode_select   strings      0013
__initialization               cinit        07F7
__pbssBANK0                    bssBANK0     0028
__pbssCOMMON                   bssCOMMON    0078
__pbssEEDATA                   bssEEDATA    0035
__pcstackBANK0                 cstackBANK0  0020
__pcstackCOMMON                cstackCOMMON 0070
__pdataEEDATA                  dataEEDATA   0000
__pidataEEDATA                 idataEEDATA  0000
__pmaintext                    maintext     0765
__pstrings                     strings      0001
__ptext1                       text1        0722
__ptext2                       text2        06A8
__ptext3                       text3        06C2
__ptext4                       text4        069E
__ptext5                       text5        06E8
__size_of___ctoee              (abs)        0000
__size_of___eetoc              (abs)        0000
__size_of_eecpymem             (abs)        0000
__size_of_main                 (abs)        0000
__size_of_memcpyee             (abs)        0000
__size_of_set_mode             (abs)        0000
__stringbase                   strings      0006
__stringtab                    strings      0001
_copyright                     idataEEDATA  0000
_eecpymem                      text3        06C2
_main                          maintext     0765
_memcpyee                      text5        06E8
_power_on_mode                 bssEEDATA    0035
_set_mode                      text1        0722
btemp                          (abs)        007E
eecpymem@cp                    cstackCOMMON 0073
eecpymem@from                  cstackCOMMON 0070
eecpymem@size                  cstackCOMMON 0071
eecpymem@to                    cstackCOMMON 0074
end_of_initialization          cinit        07FE
init_fetch0                    inittext     06B3
init_ram0                      inittext     06B7
intlevel0                      functab      0000
intlevel1                      functab      0000
intlevel2                      functab      0000
intlevel3                      functab      0000
intlevel4                      functab      0000
intlevel5                      functab      0000
ltemp                          (abs)        007E
ltemp0                         (abs)        007E
ltemp1                         (abs)        0082
ltemp2                         (abs)        0086
ltemp3                         (abs)        0080
main@debounce                  bssCOMMON    0078
main@mode                      bssCOMMON    007A
main@old_mode                  bssCOMMON    007B
main@pressed                   bssCOMMON    007C
main@timeout                   bssBANK0     0028
memcpyee@from                  cstackCOMMON 0070
memcpyee@ptr                   cstackCOMMON 0073
memcpyee@size                  cstackCOMMON 0071
memcpyee@to                    cstackCOMMON 0074
reset_vec                      reset_vec    0000
set_mode@eeprom_select         strings      0007
set_mode@led_select            strings      000B
set_mode@mode_select           strings      000F
set_mode@s_mode                cstackCOMMON 0072
stackhi                        (abs)        0000
stacklo                        (abs)        0000
start                          init         0000
start_initialization           cinit        07F7
ttemp                          (abs)        007E
ttemp0                         (abs)        007E
ttemp1                         (abs)        0081
ttemp2                         (abs)        0084
ttemp3                         (abs)        0087
ttemp4                         (abs)        007F
wtemp                          (abs)        007E
wtemp0                         (abs)        007E
wtemp1                         (abs)        0080
wtemp2                         (abs)        0082
wtemp3                         (abs)        0084
wtemp4                         (abs)        0086
wtemp5                         (abs)        0088
wtemp6                         (abs)        007F


FUNCTION INFORMATION:

 *************** function _main *****************
 Defined at:
		line 55 in file "xpall_switcher_main.c"
 Parameters:    Size  Location     Type
		None
 Auto vars:     Size  Location     Type
		None
 Return value:  Size  Location     Type
		None               void
 Registers used:
		wreg, fsr0l, fsr0h, status,2, status,0, pclath, cstack
 Tracked objects:
		On entry : 
		On exit  : 
		Unchanged: 
 Data sizes:     COMMON   BANK0   BANK1
      Params:         0       0       0
      Locals:         0       0       0
      Temps:          0       8       0
      Totals:         0       8       0
Total ram usage:        8 bytes
 Hardware stack levels required when called:    2
 This function calls:
		___ctoee
		___eetoc
		_set_mode
 This function is called by:
		Startup code after reset
 This function uses a non-reentrant model


 *************** function _set_mode *****************
 Defined at:
		line 110 in file "xpall_switcher_main.c"
 Parameters:    Size  Location     Type
  s_mode          1    wreg     unsigned char 
 Auto vars:     Size  Location     Type
  s_mode          1    2[COMMON] unsigned char 
 Return value:  Size  Location     Type
		None               void
 Registers used:
		wreg, fsr0l, fsr0h, status,2, status,0, pclath
 Tracked objects:
		On entry : 
		On exit  : 
		Unchanged: 
 Data sizes:     COMMON   BANK0   BANK1
      Params:         0       0       0
      Locals:         1       0       0
      Temps:          2       0       0
      Totals:         3       0       0
Total ram usage:        3 bytes
 Hardware stack levels used:    2
 This function calls:
		Nothing
 This function is called by:
		_main
 This function uses a non-reentrant model


 *************** function ___eetoc *****************
 Defined at:
		line 48 in file "/opt/microchip/xc8/v1.34/sources/pic/eeprom.c"
 Parameters:    Size  Location     Type
  addr            1    wreg     PTR eeprom void 
		 -> power_on_mode(1), 
 Auto vars:     Size  Location     Type
  addr            1    6[COMMON] PTR eeprom void 
		 -> power_on_mode(1), 
  data            1    7[COMMON] unsigned char 
 Return value:  Size  Location     Type
                  1    wreg      unsigned char 
 Registers used:
		wreg, fsr0l, fsr0h, status,2, status,0, pclath, cstack
 Tracked objects:
		On entry : 
		On exit  : 
		Unchanged: 
 Data sizes:     COMMON   BANK0   BANK1
      Params:         0       0       0
      Locals:         2       0       0
      Temps:          1       0       0
      Totals:         3       0       0
Total ram usage:        3 bytes
 Hardware stack levels used:    1
 Hardware stack levels required when called:    1
 This function calls:
		_eecpymem
 This function is called by:
		_main
 This function uses a non-reentrant model


 *************** function _eecpymem *****************
 Defined at:
		line 6 in file "/opt/microchip/xc8/v1.34/sources/pic/eeprom.c"
 Parameters:    Size  Location     Type
  to              1    wreg     PTR volatile unsigned ch
		 -> __eetofl@data(3), __eetoft@data(3), __eetol@data(4), __eetom@data(3), 
		 -> __eetoi@data(2), __eetoc@data(1), 
  from            1    0[COMMON] PTR eeprom unsigned char
		 -> power_on_mode(1), 
  size            1    1[COMMON] unsigned char 
 Auto vars:     Size  Location     Type
  to              1    4[COMMON] PTR volatile unsigned ch
		 -> __eetofl@data(3), __eetoft@data(3), __eetol@data(4), __eetom@data(3), 
		 -> __eetoi@data(2), __eetoc@data(1), 
  cp              1    3[COMMON] PTR volatile unsigned ch
		 -> __eetofl@data(3), __eetoft@data(3), __eetol@data(4), __eetom@data(3), 
		 -> __eetoi@data(2), __eetoc@data(1), 
 Return value:  Size  Location     Type
		None               void
 Registers used:
		wreg, fsr0l, fsr0h, status,2, status,0
 Tracked objects:
		On entry : 
		On exit  : 
		Unchanged: 
 Data sizes:     COMMON   BANK0   BANK1
      Params:         2       0       0
      Locals:         2       0       0
      Temps:          1       0       0
      Totals:         5       0       0
Total ram usage:        5 bytes
 Hardware stack levels used:    1
 This function calls:
		Nothing
 This function is called by:
		___eetoc
 This function uses a non-reentrant model


 *************** function ___ctoee *****************
 Defined at:
		line 80 in file "/opt/microchip/xc8/v1.34/sources/pic/eeprom.c"
 Parameters:    Size  Location     Type
  addr            1    wreg     PTR eeprom void 
		 -> power_on_mode(1), 
  data            1    5[COMMON] unsigned char 
 Auto vars:     Size  Location     Type
  addr            1    7[COMMON] PTR eeprom void 
		 -> power_on_mode(1), 
 Return value:  Size  Location     Type
                  1    wreg      unsigned char 
 Registers used:
		wreg, fsr0l, fsr0h, status,2, status,0, pclath, cstack
 Tracked objects:
		On entry : 
		On exit  : 
		Unchanged: 
 Data sizes:     COMMON   BANK0   BANK1
      Params:         1       0       0
      Locals:         1       0       0
      Temps:          1       0       0
      Totals:         3       0       0
Total ram usage:        3 bytes
 Hardware stack levels used:    1
 Hardware stack levels required when called:    1
 This function calls:
		_memcpyee
 This function is called by:
		_main
 This function uses a non-reentrant model


 *************** function _memcpyee *****************
 Defined at:
		line 24 in file "/opt/microchip/xc8/v1.34/sources/pic/eeprom.c"
 Parameters:    Size  Location     Type
  to              1    wreg     PTR eeprom unsigned char
		 -> power_on_mode(1), 
  from            1    0[COMMON] PTR const unsigned char 
		 -> __fltoee@data(3), __fttoee@data(3), __ltoee@data(4), __mtoee@data(3), 
		 -> __itoee@data(2), __ctoee@data(1), 
  size            1    1[COMMON] unsigned char 
 Auto vars:     Size  Location     Type
  to              1    4[COMMON] PTR eeprom unsigned char
		 -> power_on_mode(1), 
  ptr             1    3[COMMON] PTR const unsigned char 
		 -> __fltoee@data(3), __fttoee@data(3), __ltoee@data(4), __mtoee@data(3), 
		 -> __itoee@data(2), __ctoee@data(1), 
 Return value:  Size  Location     Type
		None               void
 Registers used:
		wreg, fsr0l, fsr0h, status,2, status,0
 Tracked objects:
		On entry : 
		On exit  : 
		Unchanged: 
 Data sizes:     COMMON   BANK0   BANK1
      Params:         2       0       0
      Locals:         2       0       0
      Temps:          1       0       0
      Totals:         5       0       0
Total ram usage:        5 bytes
 Hardware stack levels used:    1
 This function calls:
		Nothing
 This function is called by:
		___ctoee
 This function uses a non-reentrant model



MODULE INFORMATION

Module		Function		Class		Link	Load	Size
/opt/microchip/xc8/v1.34/sources/pic/eeprom.c
		_eecpymem      		CODE           	06C2	0000	39
		___eetoc       		CODE           	06A8	0000	12
		___ctoee       		CODE           	069E	0000	11
		_memcpyee      		CODE           	06E8	0000	59

/opt/microchip/xc8/v1.34/sources/pic/eeprom.c estimated size: 121

xpall_switcher_main.c
		_main          		CODE           	0765	0000	147
		_set_mode      		CODE           	0722	0000	68

xpall_switcher_main.c estimated size: 215

shared
		__stringtab    		STRING         	0001	0000	7
		__initializatio		CODE           	07F7	0000	8
		set_mode@mode_s		STRING         	000F	0000	5
		set_mode@eeprom		STRING         	0007	0000	5
		set_mode@led_se		STRING         	000B	0000	5

shared estimated size: 30

